[debug] [2025-11-14T11:24:20.046Z] ----------------------------------------------------------------------
[debug] [2025-11-14T11:24:20.047Z] Command:       /usr/local/bin/node /Users/akki/Documents/quickrunweb/node_modules/.bin/firebase init
[debug] [2025-11-14T11:24:20.048Z] CLI Version:   14.25.0
[debug] [2025-11-14T11:24:20.048Z] Platform:      darwin
[debug] [2025-11-14T11:24:20.048Z] Node Version:  v22.20.0
[debug] [2025-11-14T11:24:20.048Z] Time:          Fri Nov 14 2025 16:54:20 GMT+0530 (India Standard Time)
[debug] [2025-11-14T11:24:20.048Z] ----------------------------------------------------------------------
[debug] 
[debug] [2025-11-14T11:24:20.049Z] >>> [apiv2][query] GET https://firebase-public.firebaseio.com/cli.json [none]
[info] 
     ######## #### ########  ######## ########     ###     ######  ########
     ##        ##  ##     ## ##       ##     ##  ##   ##  ##       ##
     ######    ##  ########  ######   ########  #########  ######  ######
     ##        ##  ##    ##  ##       ##     ## ##     ##       ## ##
     ##       #### ##     ## ######## ########  ##     ##  ######  ########

You're about to initialize a Firebase project in this directory:

  /Users/akki/Documents/quickrunweb

[debug] [2025-11-14T11:24:20.694Z] <<< [apiv2][status] GET https://firebase-public.firebaseio.com/cli.json 200
[debug] [2025-11-14T11:24:20.695Z] <<< [apiv2][body] GET https://firebase-public.firebaseio.com/cli.json {"cloudBuildErrorAfter":1594252800000,"cloudBuildWarnAfter":1590019200000,"defaultNode10After":1594252800000,"minVersion":"3.0.5","node8DeploysDisabledAfter":1613390400000,"node8RuntimeDisabledAfter":1615809600000,"node8WarnAfter":1600128000000}
[info] 
=== Project Setup
[info] 
[info] First, let's associate this project directory with a Firebase project.
[info] You can create multiple project aliases by running firebase use --add, 
[info] 
[debug] [2025-11-14T11:24:56.566Z] > command requires scopes: ["email","openid","https://www.googleapis.com/auth/cloudplatformprojects.readonly","https://www.googleapis.com/auth/firebase","https://www.googleapis.com/auth/cloud-platform"]
[debug] [2025-11-14T11:24:56.567Z] > authorizing via signed-in user (quickrundeveloper@gmail.com)
[debug] [2025-11-14T11:24:56.568Z] Checked if tokens are valid: false, expires at: 1762774892168
[debug] [2025-11-14T11:24:56.569Z] Checked if tokens are valid: false, expires at: 1762774892168
[debug] [2025-11-14T11:24:56.569Z] > refreshing access token with scopes: []
[debug] [2025-11-14T11:24:56.570Z] >>> [apiv2][query] POST https://www.googleapis.com/oauth2/v3/token [none]
[debug] [2025-11-14T11:24:56.570Z] >>> [apiv2][body] POST https://www.googleapis.com/oauth2/v3/token [omitted]
[debug] [2025-11-14T11:24:56.714Z] <<< [apiv2][status] POST https://www.googleapis.com/oauth2/v3/token 200
[debug] [2025-11-14T11:24:56.714Z] <<< [apiv2][body] POST https://www.googleapis.com/oauth2/v3/token [omitted]
[debug] [2025-11-14T11:24:56.728Z] >>> [apiv2][query] GET https://firebase.googleapis.com/v1beta1/projects pageSize=100
[debug] [2025-11-14T11:24:57.345Z] <<< [apiv2][status] GET https://firebase.googleapis.com/v1beta1/projects 200
[debug] [2025-11-14T11:24:57.345Z] <<< [apiv2][body] GET https://firebase.googleapis.com/v1beta1/projects [omitted]
[info] 
=== Firestore Setup
[info] i  firestore: ensuring required API firestore.googleapis.com is enabled... 
[debug] [2025-11-14T11:25:02.014Z] Checked if tokens are valid: true, expires at: 1763123095714
[debug] [2025-11-14T11:25:02.014Z] Checked if tokens are valid: true, expires at: 1763123095714
[debug] [2025-11-14T11:25:02.014Z] >>> [apiv2][query] GET https://serviceusage.googleapis.com/v1/projects/quick-run-c74ff/services/firestore.googleapis.com [none]
[debug] [2025-11-14T11:25:02.014Z] >>> [apiv2][(partial)header] GET https://serviceusage.googleapis.com/v1/projects/quick-run-c74ff/services/firestore.googleapis.com x-goog-quota-user=projects/quick-run-c74ff
[debug] [2025-11-14T11:25:03.912Z] <<< [apiv2][status] GET https://serviceusage.googleapis.com/v1/projects/quick-run-c74ff/services/firestore.googleapis.com 200
[debug] [2025-11-14T11:25:03.912Z] <<< [apiv2][body] GET https://serviceusage.googleapis.com/v1/projects/quick-run-c74ff/services/firestore.googleapis.com [omitted]
[info] ✔  firestore: required API firestore.googleapis.com is enabled 
[debug] [2025-11-14T11:25:03.930Z] Checked if tokens are valid: true, expires at: 1763123095714
[debug] [2025-11-14T11:25:03.930Z] Checked if tokens are valid: true, expires at: 1763123095714
[debug] [2025-11-14T11:25:03.930Z] >>> [apiv2][query] GET https://firestore.googleapis.com/v1/projects/quick-run-c74ff/databases [none]
[debug] [2025-11-14T11:25:04.717Z] <<< [apiv2][status] GET https://firestore.googleapis.com/v1/projects/quick-run-c74ff/databases 200
[debug] [2025-11-14T11:25:04.717Z] <<< [apiv2][body] GET https://firestore.googleapis.com/v1/projects/quick-run-c74ff/databases {"databases":[{"name":"projects/quick-run-c74ff/databases/(default)","uid":"634170db-ef2e-4a1d-ac93-226a4d0e1731","createTime":"2025-10-25T05:52:22.805764Z","updateTime":"2025-10-25T05:52:22.805764Z","locationId":"asia-south2","type":"FIRESTORE_NATIVE","concurrencyMode":"PESSIMISTIC","versionRetentionPeriod":"3600s","earliestVersionTime":"2025-11-14T10:25:04.667291Z","appEngineIntegrationMode":"DISABLED","pointInTimeRecoveryEnablement":"POINT_IN_TIME_RECOVERY_DISABLED","deleteProtectionState":"DELETE_PROTECTION_DISABLED","databaseEdition":"STANDARD","freeTier":true,"realtimeUpdatesMode":"REALTIME_UPDATES_MODE_ENABLED","etag":"IITU+P3D8ZADMOD5h7vUvpAD"}]}
[info] 
[info] Firestore Security Rules allow you to define how and when to allow
[info] requests. You can keep these rules in your project directory
[info] and publish them with firebase deploy.
[info] 
